<?xml version="1.0" encoding="UTF-8"?>
<TestRun id="64de9dcb-f958-4ea6-ace0-8c76ca080aed" name="Lancer@REMBO 2014-06-12 08:41:15" runUser="REMBO\Lancer" xmlns="http://microsoft.com/schemas/VisualStudio/TeamTest/2006">
  <TestRunConfiguration name="Default Run Configuration" id="3cf2c6c3-c816-4b79-8d2c-5f4e499568c2">
    <Deployment userDeploymentRoot="D:\Projects\dot.net\HoneyProduct\Honey\TestResults" useDefaultDeploymentRoot="false" runDeploymentRoot="D:\Projects\dot.net\HoneyProduct\Honey\TestResults\Lancer_REMBO 2014-06-12 08_41_15">
      <DeploymentItem filename="D:\Projects\dot.net\HoneyProduct\Honey\LINQtoCSV\bin\Debug\LINQtoCSV.dll" />
      <DeploymentItem filename="D:\Projects\dot.net\HoneyProduct\Honey\DAL\bin\Debug\Honey.DAL.dll" />
      <DeploymentItem filename="D:\Projects\dot.net\HoneyProduct\Honey\Common\bin\Debug\Honey.Common.dll" />
    </Deployment>
    <Hosts skipUnhostableTests="false" />
    <TestTypeSpecific />
  </TestRunConfiguration>
  <ResultSummary outcome="Failed">
    <Counters total="2" executed="2" error="0" failed="2" timeout="0" aborted="0" inconclusive="0" passedButRunAborted="0" notRunnable="0" notExecuted="0" disconnected="0" warning="0" passed="0" completed="0" inProgress="0" pending="0" />
  </ResultSummary>
  <Times creation="2014-06-12T08:41:15.9062500+03:00" queuing="2014-06-12T08:41:16.1562500+03:00" start="2014-06-12T08:41:16.1718750+03:00" finish="2014-06-12T08:41:16.5625000+03:00" />
  <TestDefinitions>
    <UnitTest name="AddTest" storage="d:\projects\dot.net\honeyproduct\honey\test\bin\debug\honey.test.dll" id="9641e4df-c17a-297a-2ae2-99b7d083128f">
      <Css projectStructure="" iteration="" />
      <Owners>
        <Owner name="" />
      </Owners>
      <Execution id="463f87e5-8f62-42d1-8ebc-f9bd7a11fb45" />
      <TestMethod codeBase="D:\Projects\dot.net\HoneyProduct\Honey\Test\bin\Debug\Honey.Test.dll" adapterTypeName="Microsoft.VisualStudio.TestTools.TestTypes.Unit.UnitTestAdapter, Microsoft.VisualStudio.QualityTools.Tips.UnitTest.Adapter, Version=9.0.0.0, Culture=neutral, PublicKeyToken=b03f5f7f11d50a3a" className="Honey.Test.SubscriberCRUDTest, Honey.Test" name="AddTest" />
    </UnitTest>
    <UnitTest name="GetListTest" storage="d:\projects\dot.net\honeyproduct\honey\test\bin\debug\honey.test.dll" id="62434447-6b72-a75d-1655-bbcac9f4d18f">
      <Css projectStructure="" iteration="" />
      <Owners>
        <Owner name="" />
      </Owners>
      <Execution id="ad87873c-ceb2-47b7-ad25-25c85b1a2053" />
      <TestMethod codeBase="D:\Projects\dot.net\HoneyProduct\Honey\Test\bin\Debug\Honey.Test.dll" adapterTypeName="Microsoft.VisualStudio.TestTools.TestTypes.Unit.UnitTestAdapter, Microsoft.VisualStudio.QualityTools.Tips.UnitTest.Adapter, Version=9.0.0.0, Culture=neutral, PublicKeyToken=b03f5f7f11d50a3a" className="Honey.Test.SubscriberCRUDTest, Honey.Test" name="GetListTest" />
    </UnitTest>
  </TestDefinitions>
  <TestLists>
    <TestList name="Results Not in a List" id="8c84fa94-04c1-424b-9868-57a2d4851a1d" />
    <TestList name="All Loaded Results" id="19431567-8539-422a-85d7-44ee4e166bda" />
  </TestLists>
  <TestEntries>
    <TestEntry testId="62434447-6b72-a75d-1655-bbcac9f4d18f" executionId="ad87873c-ceb2-47b7-ad25-25c85b1a2053" testListId="8c84fa94-04c1-424b-9868-57a2d4851a1d" />
    <TestEntry testId="9641e4df-c17a-297a-2ae2-99b7d083128f" executionId="463f87e5-8f62-42d1-8ebc-f9bd7a11fb45" testListId="8c84fa94-04c1-424b-9868-57a2d4851a1d" />
  </TestEntries>
  <Results>
    <UnitTestResult executionId="ad87873c-ceb2-47b7-ad25-25c85b1a2053" testId="62434447-6b72-a75d-1655-bbcac9f4d18f" testName="GetListTest" computerName="REMBO" duration="00:00:00.0522059" startTime="2014-06-12T08:41:16.1718750+03:00" endTime="2014-06-12T08:41:16.5468750+03:00" testType="13cdc9d9-ddb5-4fa4-a97d-d965ccfc6d4b" outcome="Failed" testListId="8c84fa94-04c1-424b-9868-57a2d4851a1d">
      <Output>
        <ErrorInfo>
          <Message>Test method Honey.Test.SubscriberCRUDTest.GetListTest threw exception:  LINQtoCSV.NameNotInTypeException: The input file has column name "Created At" in the first record, but there is no field or property with that name in type "Honey.DAL.Entity.Subscriber". Reading file "D:/Projects/dot.net/HoneyProduct/Honey/Honey/Data/Subscriber.csv"..</Message>
          <StackTrace>    at LINQtoCSV.FieldMapper_Reading`1.ReadNames(IDataRow row) in D:\Projects\dot.net\HoneyProduct\Honey\LINQtoCSV\FieldMapper.cs:line 391
   at LINQtoCSV.CsvContext.&lt;ReadData&gt;d__0`1.MoveNext() in D:\Projects\dot.net\HoneyProduct\Honey\LINQtoCSV\CsvContext.cs:line 167
   at System.Collections.Generic.List`1..ctor(IEnumerable`1 collection)
   at System.Linq.Enumerable.ToList[TSource](IEnumerable`1 source)
   at Honey.DAL.CRUD.SubscriberCRUD.GetList() in D:\Projects\dot.net\HoneyProduct\Honey\DAL\CRUD\SubscriberCRUD.cs:line 19
   at Honey.DAL.CRUD.SubscriberCRUD.Add(Subscriber item) in D:\Projects\dot.net\HoneyProduct\Honey\DAL\CRUD\SubscriberCRUD.cs:line 34
   at Honey.Test.SubscriberCRUDTest.Add() in D:\Projects\dot.net\HoneyProduct\Honey\Test\SubscriberCRUDTest.cs:line 42
   at Honey.Test.SubscriberCRUDTest.GetListTest() in D:\Projects\dot.net\HoneyProduct\Honey\Test\SubscriberCRUDTest.cs:line 16
</StackTrace>
        </ErrorInfo>
      </Output>
    </UnitTestResult>
    <UnitTestResult executionId="463f87e5-8f62-42d1-8ebc-f9bd7a11fb45" testId="9641e4df-c17a-297a-2ae2-99b7d083128f" testName="AddTest" computerName="REMBO" duration="00:00:00.0018635" startTime="2014-06-12T08:41:16.5468750+03:00" endTime="2014-06-12T08:41:16.5468750+03:00" testType="13cdc9d9-ddb5-4fa4-a97d-d965ccfc6d4b" outcome="Failed" testListId="8c84fa94-04c1-424b-9868-57a2d4851a1d">
      <Output>
        <ErrorInfo>
          <Message>Test method Honey.Test.SubscriberCRUDTest.AddTest threw exception:  LINQtoCSV.NameNotInTypeException: The input file has column name "Created At" in the first record, but there is no field or property with that name in type "Honey.DAL.Entity.Subscriber". Reading file "D:/Projects/dot.net/HoneyProduct/Honey/Honey/Data/Subscriber.csv"..</Message>
          <StackTrace>    at LINQtoCSV.FieldMapper_Reading`1.ReadNames(IDataRow row) in D:\Projects\dot.net\HoneyProduct\Honey\LINQtoCSV\FieldMapper.cs:line 391
   at LINQtoCSV.CsvContext.&lt;ReadData&gt;d__0`1.MoveNext() in D:\Projects\dot.net\HoneyProduct\Honey\LINQtoCSV\CsvContext.cs:line 167
   at System.Collections.Generic.List`1..ctor(IEnumerable`1 collection)
   at System.Linq.Enumerable.ToList[TSource](IEnumerable`1 source)
   at Honey.DAL.CRUD.SubscriberCRUD.GetList() in D:\Projects\dot.net\HoneyProduct\Honey\DAL\CRUD\SubscriberCRUD.cs:line 19
   at Honey.DAL.CRUD.SubscriberCRUD.Add(Subscriber item) in D:\Projects\dot.net\HoneyProduct\Honey\DAL\CRUD\SubscriberCRUD.cs:line 34
   at Honey.Test.SubscriberCRUDTest.Add() in D:\Projects\dot.net\HoneyProduct\Honey\Test\SubscriberCRUDTest.cs:line 42
   at Honey.Test.SubscriberCRUDTest.AddTest() in D:\Projects\dot.net\HoneyProduct\Honey\Test\SubscriberCRUDTest.cs:line 28
</StackTrace>
        </ErrorInfo>
      </Output>
    </UnitTestResult>
  </Results>
</TestRun>